/mnt/c/Users/kaush/Desktop/ros/install/motor_serial/lib/python3.10/site-packages/motor_serial/arrow_teleop.py
/mnt/c/Users/kaush/Desktop/ros/install/motor_serial/lib/python3.10/site-packages/motor_serial/motor_controller.py
/mnt/c/Users/kaush/Desktop/ros/install/motor_serial/lib/python3.10/site-packages/motor_serial/ps5_drive.py
/mnt/c/Users/kaush/Desktop/ros/install/motor_serial/lib/python3.10/site-packages/motor_serial/serial_bridge.py
/mnt/c/Users/kaush/Desktop/ros/install/motor_serial/lib/python3.10/site-packages/motor_serial/twist_to_motor.py
/mnt/c/Users/kaush/Desktop/ros/install/motor_serial/lib/python3.10/site-packages/motor_serial/__init__.py
/mnt/c/Users/kaush/Desktop/ros/install/motor_serial/lib/python3.10/site-packages/motor_serial/__pycache__/arrow_teleop.cpython-310.pyc
/mnt/c/Users/kaush/Desktop/ros/install/motor_serial/lib/python3.10/site-packages/motor_serial/__pycache__/motor_controller.cpython-310.pyc
/mnt/c/Users/kaush/Desktop/ros/install/motor_serial/lib/python3.10/site-packages/motor_serial/__pycache__/ps5_drive.cpython-310.pyc
/mnt/c/Users/kaush/Desktop/ros/install/motor_serial/lib/python3.10/site-packages/motor_serial/__pycache__/serial_bridge.cpython-310.pyc
/mnt/c/Users/kaush/Desktop/ros/install/motor_serial/lib/python3.10/site-packages/motor_serial/__pycache__/twist_to_motor.cpython-310.pyc
/mnt/c/Users/kaush/Desktop/ros/install/motor_serial/lib/python3.10/site-packages/motor_serial/__pycache__/__init__.cpython-310.pyc
/mnt/c/Users/kaush/Desktop/ros/install/motor_serial/share/ament_index/resource_index/packages/motor_serial
/mnt/c/Users/kaush/Desktop/ros/install/motor_serial/share/motor_serial/package.xml
/mnt/c/Users/kaush/Desktop/ros/install/motor_serial/share/motor_serial/launch/bringup.launch.py
/mnt/c/Users/kaush/Desktop/ros/install/motor_serial/share/motor_serial/launch/ps5_drive.launch.py
/mnt/c/Users/kaush/Desktop/ros/install/motor_serial/lib/python3.10/site-packages/motor_serial-0.0.0-py3.10.egg-info/dependency_links.txt
/mnt/c/Users/kaush/Desktop/ros/install/motor_serial/lib/python3.10/site-packages/motor_serial-0.0.0-py3.10.egg-info/entry_points.txt
/mnt/c/Users/kaush/Desktop/ros/install/motor_serial/lib/python3.10/site-packages/motor_serial-0.0.0-py3.10.egg-info/PKG-INFO
/mnt/c/Users/kaush/Desktop/ros/install/motor_serial/lib/python3.10/site-packages/motor_serial-0.0.0-py3.10.egg-info/requires.txt
/mnt/c/Users/kaush/Desktop/ros/install/motor_serial/lib/python3.10/site-packages/motor_serial-0.0.0-py3.10.egg-info/SOURCES.txt
/mnt/c/Users/kaush/Desktop/ros/install/motor_serial/lib/python3.10/site-packages/motor_serial-0.0.0-py3.10.egg-info/top_level.txt
/mnt/c/Users/kaush/Desktop/ros/install/motor_serial/lib/python3.10/site-packages/motor_serial-0.0.0-py3.10.egg-info/zip-safe
/mnt/c/Users/kaush/Desktop/ros/install/motor_serial/lib/motor_serial/arrow_teleop
/mnt/c/Users/kaush/Desktop/ros/install/motor_serial/lib/motor_serial/motor_controller
/mnt/c/Users/kaush/Desktop/ros/install/motor_serial/lib/motor_serial/ps5_drive
/mnt/c/Users/kaush/Desktop/ros/install/motor_serial/lib/motor_serial/serial_bridge
/mnt/c/Users/kaush/Desktop/ros/install/motor_serial/lib/motor_serial/twist_to_motor
