[0.324s] DEBUG:colcon:Command line arguments: ['/usr/bin/colcon', 'build']
[0.324s] DEBUG:colcon:Parsed command line arguments: Namespace(log_base=None, log_level=None, verb_name='build', build_base='build', install_base='install', merge_install=False, symlink_install=False, test_result_base=None, continue_on_error=False, executor='parallel', parallel_workers=16, event_handlers=None, ignore_user_meta=False, metas=['./colcon.meta'], base_paths=['.'], packages_ignore=None, packages_ignore_regex=None, paths=None, packages_up_to=None, packages_up_to_regex=None, packages_above=None, packages_above_and_dependencies=None, packages_above_depth=None, packages_select_by_dep=None, packages_skip_by_dep=None, packages_skip_up_to=None, packages_select_build_failed=False, packages_skip_build_finished=False, packages_select_test_failures=False, packages_skip_test_passed=False, packages_select=None, packages_skip=None, packages_select_regex=None, packages_skip_regex=None, packages_start=None, packages_end=None, allow_overriding=[], cmake_args=None, cmake_target=None, cmake_target_skip_unavailable=False, cmake_clean_cache=False, cmake_clean_first=False, cmake_force_configure=False, ament_cmake_args=None, catkin_cmake_args=None, catkin_skip_building_tests=False, mixin_files=None, mixin=None, verb_parser=<colcon_mixin.mixin.mixin_argument.MixinArgumentDecorator object at 0x7373b1201030>, verb_extension=<colcon_core.verb.build.BuildVerb object at 0x7373b1200a90>, main=<bound method BuildVerb.main of <colcon_core.verb.build.BuildVerb object at 0x7373b1200a90>>, mixin_verb=('build',))
[0.605s] Level 1:colcon.colcon_core.package_discovery:discover_packages(colcon_meta) check parameters
[0.606s] Level 1:colcon.colcon_core.package_discovery:discover_packages(recursive) check parameters
[0.606s] Level 1:colcon.colcon_core.package_discovery:discover_packages(ignore) check parameters
[0.607s] Level 1:colcon.colcon_core.package_discovery:discover_packages(path) check parameters
[0.607s] Level 1:colcon.colcon_core.package_discovery:discover_packages(colcon_meta) discover
[0.607s] Level 1:colcon.colcon_core.package_discovery:discover_packages(recursive) discover
[0.608s] INFO:colcon.colcon_core.package_discovery:Crawling recursively for packages in '/mnt/c/Users/kaush/Desktop/ros'
[0.610s] Level 1:colcon.colcon_core.package_identification:_identify(.) by extensions ['ignore', 'ignore_ament_install']
[0.610s] Level 1:colcon.colcon_core.package_identification:_identify(.) by extension 'ignore'
[0.611s] Level 1:colcon.colcon_core.package_identification:_identify(.) by extension 'ignore_ament_install'
[0.612s] Level 1:colcon.colcon_core.package_identification:_identify(.) by extensions ['colcon_pkg']
[0.612s] Level 1:colcon.colcon_core.package_identification:_identify(.) by extension 'colcon_pkg'
[0.613s] Level 1:colcon.colcon_core.package_identification:_identify(.) by extensions ['colcon_meta']
[0.613s] Level 1:colcon.colcon_core.package_identification:_identify(.) by extension 'colcon_meta'
[0.614s] Level 1:colcon.colcon_core.package_identification:_identify(.) by extensions ['ros']
[0.614s] Level 1:colcon.colcon_core.package_identification:_identify(.) by extension 'ros'
[0.632s] Level 1:colcon.colcon_core.package_identification:_identify(.) by extensions ['cmake', 'python']
[0.633s] Level 1:colcon.colcon_core.package_identification:_identify(.) by extension 'cmake'
[0.634s] Level 1:colcon.colcon_core.package_identification:_identify(.) by extension 'python'
[0.635s] Level 1:colcon.colcon_core.package_identification:_identify(.) by extensions ['python_setup_py']
[0.635s] Level 1:colcon.colcon_core.package_identification:_identify(.) by extension 'python_setup_py'
[0.640s] Level 1:colcon.colcon_core.package_identification:_identify(build) by extensions ['ignore', 'ignore_ament_install']
[0.640s] Level 1:colcon.colcon_core.package_identification:_identify(build) by extension 'ignore'
[0.642s] Level 1:colcon.colcon_core.package_identification:_identify(build) ignored
[0.646s] Level 1:colcon.colcon_core.package_identification:_identify(install) by extensions ['ignore', 'ignore_ament_install']
[0.646s] Level 1:colcon.colcon_core.package_identification:_identify(install) by extension 'ignore'
[0.648s] Level 1:colcon.colcon_core.package_identification:_identify(install) ignored
[0.654s] Level 1:colcon.colcon_core.package_identification:_identify(log) by extensions ['ignore', 'ignore_ament_install']
[0.654s] Level 1:colcon.colcon_core.package_identification:_identify(log) by extension 'ignore'
[0.655s] Level 1:colcon.colcon_core.package_identification:_identify(log) ignored
[0.658s] Level 1:colcon.colcon_core.package_identification:_identify(src) by extensions ['ignore', 'ignore_ament_install']
[0.658s] Level 1:colcon.colcon_core.package_identification:_identify(src) by extension 'ignore'
[0.659s] Level 1:colcon.colcon_core.package_identification:_identify(src) by extension 'ignore_ament_install'
[0.660s] Level 1:colcon.colcon_core.package_identification:_identify(src) by extensions ['colcon_pkg']
[0.661s] Level 1:colcon.colcon_core.package_identification:_identify(src) by extension 'colcon_pkg'
[0.662s] Level 1:colcon.colcon_core.package_identification:_identify(src) by extensions ['colcon_meta']
[0.662s] Level 1:colcon.colcon_core.package_identification:_identify(src) by extension 'colcon_meta'
[0.663s] Level 1:colcon.colcon_core.package_identification:_identify(src) by extensions ['ros']
[0.663s] Level 1:colcon.colcon_core.package_identification:_identify(src) by extension 'ros'
[0.667s] Level 1:colcon.colcon_core.package_identification:_identify(src) by extensions ['cmake', 'python']
[0.667s] Level 1:colcon.colcon_core.package_identification:_identify(src) by extension 'cmake'
[0.668s] Level 1:colcon.colcon_core.package_identification:_identify(src) by extension 'python'
[0.669s] Level 1:colcon.colcon_core.package_identification:_identify(src) by extensions ['python_setup_py']
[0.669s] Level 1:colcon.colcon_core.package_identification:_identify(src) by extension 'python_setup_py'
[0.676s] Level 1:colcon.colcon_core.package_identification:_identify(src/camera_controll) by extensions ['ignore', 'ignore_ament_install']
[0.676s] Level 1:colcon.colcon_core.package_identification:_identify(src/camera_controll) by extension 'ignore'
[0.678s] Level 1:colcon.colcon_core.package_identification:_identify(src/camera_controll) by extension 'ignore_ament_install'
[0.681s] Level 1:colcon.colcon_core.package_identification:_identify(src/camera_controll) by extensions ['colcon_pkg']
[0.681s] Level 1:colcon.colcon_core.package_identification:_identify(src/camera_controll) by extension 'colcon_pkg'
[0.683s] Level 1:colcon.colcon_core.package_identification:_identify(src/camera_controll) by extensions ['colcon_meta']
[0.683s] Level 1:colcon.colcon_core.package_identification:_identify(src/camera_controll) by extension 'colcon_meta'
[0.685s] Level 1:colcon.colcon_core.package_identification:_identify(src/camera_controll) by extensions ['ros']
[0.686s] Level 1:colcon.colcon_core.package_identification:_identify(src/camera_controll) by extension 'ros'
[0.762s] DEBUG:colcon.colcon_core.package_identification:Package 'src/camera_controll' with type 'ros.ament_python' and name 'camera_controll'
[0.769s] Level 1:colcon.colcon_core.package_identification:_identify(src/cpp_motor) by extensions ['ignore', 'ignore_ament_install']
[0.769s] Level 1:colcon.colcon_core.package_identification:_identify(src/cpp_motor) by extension 'ignore'
[0.770s] Level 1:colcon.colcon_core.package_identification:_identify(src/cpp_motor) by extension 'ignore_ament_install'
[0.773s] Level 1:colcon.colcon_core.package_identification:_identify(src/cpp_motor) by extensions ['colcon_pkg']
[0.774s] Level 1:colcon.colcon_core.package_identification:_identify(src/cpp_motor) by extension 'colcon_pkg'
[0.775s] Level 1:colcon.colcon_core.package_identification:_identify(src/cpp_motor) by extensions ['colcon_meta']
[0.775s] Level 1:colcon.colcon_core.package_identification:_identify(src/cpp_motor) by extension 'colcon_meta'
[0.777s] Level 1:colcon.colcon_core.package_identification:_identify(src/cpp_motor) by extensions ['ros']
[0.777s] Level 1:colcon.colcon_core.package_identification:_identify(src/cpp_motor) by extension 'ros'
[0.813s] DEBUG:colcon.colcon_core.package_identification:Package 'src/cpp_motor' with type 'ros.ament_cmake' and name 'cpp_motor'
[0.820s] Level 1:colcon.colcon_core.package_identification:_identify(src/dream_world) by extensions ['ignore', 'ignore_ament_install']
[0.821s] Level 1:colcon.colcon_core.package_identification:_identify(src/dream_world) by extension 'ignore'
[0.822s] Level 1:colcon.colcon_core.package_identification:_identify(src/dream_world) by extension 'ignore_ament_install'
[0.825s] Level 1:colcon.colcon_core.package_identification:_identify(src/dream_world) by extensions ['colcon_pkg']
[0.825s] Level 1:colcon.colcon_core.package_identification:_identify(src/dream_world) by extension 'colcon_pkg'
[0.826s] Level 1:colcon.colcon_core.package_identification:_identify(src/dream_world) by extensions ['colcon_meta']
[0.826s] Level 1:colcon.colcon_core.package_identification:_identify(src/dream_world) by extension 'colcon_meta'
[0.828s] Level 1:colcon.colcon_core.package_identification:_identify(src/dream_world) by extensions ['ros']
[0.828s] Level 1:colcon.colcon_core.package_identification:_identify(src/dream_world) by extension 'ros'
[0.858s] DEBUG:colcon.colcon_core.package_identification:Package 'src/dream_world' with type 'ros.ament_cmake' and name 'dream_world'
[0.864s] Level 1:colcon.colcon_core.package_identification:_identify(src/maps) by extensions ['ignore', 'ignore_ament_install']
[0.865s] Level 1:colcon.colcon_core.package_identification:_identify(src/maps) by extension 'ignore'
[0.866s] Level 1:colcon.colcon_core.package_identification:_identify(src/maps) by extension 'ignore_ament_install'
[0.869s] Level 1:colcon.colcon_core.package_identification:_identify(src/maps) by extensions ['colcon_pkg']
[0.870s] Level 1:colcon.colcon_core.package_identification:_identify(src/maps) by extension 'colcon_pkg'
[0.871s] Level 1:colcon.colcon_core.package_identification:_identify(src/maps) by extensions ['colcon_meta']
[0.871s] Level 1:colcon.colcon_core.package_identification:_identify(src/maps) by extension 'colcon_meta'
[0.874s] Level 1:colcon.colcon_core.package_identification:_identify(src/maps) by extensions ['ros']
[0.874s] Level 1:colcon.colcon_core.package_identification:_identify(src/maps) by extension 'ros'
[0.880s] Level 1:colcon.colcon_core.package_identification:_identify(src/maps) by extensions ['cmake', 'python']
[0.881s] Level 1:colcon.colcon_core.package_identification:_identify(src/maps) by extension 'cmake'
[0.884s] Level 1:colcon.colcon_core.package_identification:_identify(src/maps) by extension 'python'
[0.887s] Level 1:colcon.colcon_core.package_identification:_identify(src/maps) by extensions ['python_setup_py']
[0.887s] Level 1:colcon.colcon_core.package_identification:_identify(src/maps) by extension 'python_setup_py'
[0.894s] Level 1:colcon.colcon_core.package_identification:_identify(src/motor_serial) by extensions ['ignore', 'ignore_ament_install']
[0.894s] Level 1:colcon.colcon_core.package_identification:_identify(src/motor_serial) by extension 'ignore'
[0.895s] Level 1:colcon.colcon_core.package_identification:_identify(src/motor_serial) by extension 'ignore_ament_install'
[0.899s] Level 1:colcon.colcon_core.package_identification:_identify(src/motor_serial) by extensions ['colcon_pkg']
[0.899s] Level 1:colcon.colcon_core.package_identification:_identify(src/motor_serial) by extension 'colcon_pkg'
[0.901s] Level 1:colcon.colcon_core.package_identification:_identify(src/motor_serial) by extensions ['colcon_meta']
[0.901s] Level 1:colcon.colcon_core.package_identification:_identify(src/motor_serial) by extension 'colcon_meta'
[0.903s] Level 1:colcon.colcon_core.package_identification:_identify(src/motor_serial) by extensions ['ros']
[0.903s] Level 1:colcon.colcon_core.package_identification:_identify(src/motor_serial) by extension 'ros'
[0.965s] DEBUG:colcon.colcon_core.package_identification:Package 'src/motor_serial' with type 'ros.ament_python' and name 'motor_serial'
[0.972s] Level 1:colcon.colcon_core.package_identification:_identify(src/rover_description) by extensions ['ignore', 'ignore_ament_install']
[0.972s] Level 1:colcon.colcon_core.package_identification:_identify(src/rover_description) by extension 'ignore'
[0.974s] Level 1:colcon.colcon_core.package_identification:_identify(src/rover_description) by extension 'ignore_ament_install'
[0.977s] Level 1:colcon.colcon_core.package_identification:_identify(src/rover_description) by extensions ['colcon_pkg']
[0.977s] Level 1:colcon.colcon_core.package_identification:_identify(src/rover_description) by extension 'colcon_pkg'
[0.979s] Level 1:colcon.colcon_core.package_identification:_identify(src/rover_description) by extensions ['colcon_meta']
[0.979s] Level 1:colcon.colcon_core.package_identification:_identify(src/rover_description) by extension 'colcon_meta'
[0.981s] Level 1:colcon.colcon_core.package_identification:_identify(src/rover_description) by extensions ['ros']
[0.981s] Level 1:colcon.colcon_core.package_identification:_identify(src/rover_description) by extension 'ros'
[1.019s] DEBUG:colcon.colcon_core.package_identification:Package 'src/rover_description' with type 'ros.ament_cmake' and name 'rover_description'
[1.019s] Level 1:colcon.colcon_core.package_discovery:discover_packages(recursive) using defaults
[1.020s] Level 1:colcon.colcon_core.package_discovery:discover_packages(ignore) discover
[1.020s] Level 1:colcon.colcon_core.package_discovery:discover_packages(ignore) using defaults
[1.021s] Level 1:colcon.colcon_core.package_discovery:discover_packages(path) discover
[1.021s] Level 1:colcon.colcon_core.package_discovery:discover_packages(path) using defaults
[1.217s] Level 1:colcon.colcon_core.package_discovery:discover_packages(prefix_path) check parameters
[1.218s] Level 1:colcon.colcon_core.package_discovery:discover_packages(prefix_path) discover
[1.224s] DEBUG:colcon.colcon_installed_package_information.package_discovery:Found 273 installed packages in /opt/ros/humble
[1.225s] Level 1:colcon.colcon_core.package_discovery:discover_packages(prefix_path) using defaults
[1.252s] Level 5:colcon.colcon_core.verb:set package 'camera_controll' build argument 'cmake_args' from command line to 'None'
[1.253s] Level 5:colcon.colcon_core.verb:set package 'camera_controll' build argument 'cmake_target' from command line to 'None'
[1.253s] Level 5:colcon.colcon_core.verb:set package 'camera_controll' build argument 'cmake_target_skip_unavailable' from command line to 'False'
[1.254s] Level 5:colcon.colcon_core.verb:set package 'camera_controll' build argument 'cmake_clean_cache' from command line to 'False'
[1.254s] Level 5:colcon.colcon_core.verb:set package 'camera_controll' build argument 'cmake_clean_first' from command line to 'False'
[1.255s] Level 5:colcon.colcon_core.verb:set package 'camera_controll' build argument 'cmake_force_configure' from command line to 'False'
[1.255s] Level 5:colcon.colcon_core.verb:set package 'camera_controll' build argument 'ament_cmake_args' from command line to 'None'
[1.256s] Level 5:colcon.colcon_core.verb:set package 'camera_controll' build argument 'catkin_cmake_args' from command line to 'None'
[1.256s] Level 5:colcon.colcon_core.verb:set package 'camera_controll' build argument 'catkin_skip_building_tests' from command line to 'False'
[1.257s] DEBUG:colcon.colcon_core.verb:Building package 'camera_controll' with the following arguments: {'ament_cmake_args': None, 'build_base': '/mnt/c/Users/kaush/Desktop/ros/build/camera_controll', 'catkin_cmake_args': None, 'catkin_skip_building_tests': False, 'cmake_args': None, 'cmake_clean_cache': False, 'cmake_clean_first': False, 'cmake_force_configure': False, 'cmake_target': None, 'cmake_target_skip_unavailable': False, 'install_base': '/mnt/c/Users/kaush/Desktop/ros/install/camera_controll', 'merge_install': False, 'path': '/mnt/c/Users/kaush/Desktop/ros/src/camera_controll', 'symlink_install': False, 'test_result_base': None}
[1.257s] Level 5:colcon.colcon_core.verb:set package 'cpp_motor' build argument 'cmake_args' from command line to 'None'
[1.257s] Level 5:colcon.colcon_core.verb:set package 'cpp_motor' build argument 'cmake_target' from command line to 'None'
[1.258s] Level 5:colcon.colcon_core.verb:set package 'cpp_motor' build argument 'cmake_target_skip_unavailable' from command line to 'False'
[1.258s] Level 5:colcon.colcon_core.verb:set package 'cpp_motor' build argument 'cmake_clean_cache' from command line to 'False'
[1.259s] Level 5:colcon.colcon_core.verb:set package 'cpp_motor' build argument 'cmake_clean_first' from command line to 'False'
[1.259s] Level 5:colcon.colcon_core.verb:set package 'cpp_motor' build argument 'cmake_force_configure' from command line to 'False'
[1.260s] Level 5:colcon.colcon_core.verb:set package 'cpp_motor' build argument 'ament_cmake_args' from command line to 'None'
[1.260s] Level 5:colcon.colcon_core.verb:set package 'cpp_motor' build argument 'catkin_cmake_args' from command line to 'None'
[1.260s] Level 5:colcon.colcon_core.verb:set package 'cpp_motor' build argument 'catkin_skip_building_tests' from command line to 'False'
[1.261s] DEBUG:colcon.colcon_core.verb:Building package 'cpp_motor' with the following arguments: {'ament_cmake_args': None, 'build_base': '/mnt/c/Users/kaush/Desktop/ros/build/cpp_motor', 'catkin_cmake_args': None, 'catkin_skip_building_tests': False, 'cmake_args': None, 'cmake_clean_cache': False, 'cmake_clean_first': False, 'cmake_force_configure': False, 'cmake_target': None, 'cmake_target_skip_unavailable': False, 'install_base': '/mnt/c/Users/kaush/Desktop/ros/install/cpp_motor', 'merge_install': False, 'path': '/mnt/c/Users/kaush/Desktop/ros/src/cpp_motor', 'symlink_install': False, 'test_result_base': None}
[1.262s] Level 5:colcon.colcon_core.verb:set package 'dream_world' build argument 'cmake_args' from command line to 'None'
[1.262s] Level 5:colcon.colcon_core.verb:set package 'dream_world' build argument 'cmake_target' from command line to 'None'
[1.262s] Level 5:colcon.colcon_core.verb:set package 'dream_world' build argument 'cmake_target_skip_unavailable' from command line to 'False'
[1.263s] Level 5:colcon.colcon_core.verb:set package 'dream_world' build argument 'cmake_clean_cache' from command line to 'False'
[1.263s] Level 5:colcon.colcon_core.verb:set package 'dream_world' build argument 'cmake_clean_first' from command line to 'False'
[1.263s] Level 5:colcon.colcon_core.verb:set package 'dream_world' build argument 'cmake_force_configure' from command line to 'False'
[1.264s] Level 5:colcon.colcon_core.verb:set package 'dream_world' build argument 'ament_cmake_args' from command line to 'None'
[1.264s] Level 5:colcon.colcon_core.verb:set package 'dream_world' build argument 'catkin_cmake_args' from command line to 'None'
[1.264s] Level 5:colcon.colcon_core.verb:set package 'dream_world' build argument 'catkin_skip_building_tests' from command line to 'False'
[1.265s] DEBUG:colcon.colcon_core.verb:Building package 'dream_world' with the following arguments: {'ament_cmake_args': None, 'build_base': '/mnt/c/Users/kaush/Desktop/ros/build/dream_world', 'catkin_cmake_args': None, 'catkin_skip_building_tests': False, 'cmake_args': None, 'cmake_clean_cache': False, 'cmake_clean_first': False, 'cmake_force_configure': False, 'cmake_target': None, 'cmake_target_skip_unavailable': False, 'install_base': '/mnt/c/Users/kaush/Desktop/ros/install/dream_world', 'merge_install': False, 'path': '/mnt/c/Users/kaush/Desktop/ros/src/dream_world', 'symlink_install': False, 'test_result_base': None}
[1.265s] Level 5:colcon.colcon_core.verb:set package 'motor_serial' build argument 'cmake_args' from command line to 'None'
[1.266s] Level 5:colcon.colcon_core.verb:set package 'motor_serial' build argument 'cmake_target' from command line to 'None'
[1.266s] Level 5:colcon.colcon_core.verb:set package 'motor_serial' build argument 'cmake_target_skip_unavailable' from command line to 'False'
[1.266s] Level 5:colcon.colcon_core.verb:set package 'motor_serial' build argument 'cmake_clean_cache' from command line to 'False'
[1.267s] Level 5:colcon.colcon_core.verb:set package 'motor_serial' build argument 'cmake_clean_first' from command line to 'False'
[1.267s] Level 5:colcon.colcon_core.verb:set package 'motor_serial' build argument 'cmake_force_configure' from command line to 'False'
[1.268s] Level 5:colcon.colcon_core.verb:set package 'motor_serial' build argument 'ament_cmake_args' from command line to 'None'
[1.268s] Level 5:colcon.colcon_core.verb:set package 'motor_serial' build argument 'catkin_cmake_args' from command line to 'None'
[1.268s] Level 5:colcon.colcon_core.verb:set package 'motor_serial' build argument 'catkin_skip_building_tests' from command line to 'False'
[1.269s] DEBUG:colcon.colcon_core.verb:Building package 'motor_serial' with the following arguments: {'ament_cmake_args': None, 'build_base': '/mnt/c/Users/kaush/Desktop/ros/build/motor_serial', 'catkin_cmake_args': None, 'catkin_skip_building_tests': False, 'cmake_args': None, 'cmake_clean_cache': False, 'cmake_clean_first': False, 'cmake_force_configure': False, 'cmake_target': None, 'cmake_target_skip_unavailable': False, 'install_base': '/mnt/c/Users/kaush/Desktop/ros/install/motor_serial', 'merge_install': False, 'path': '/mnt/c/Users/kaush/Desktop/ros/src/motor_serial', 'symlink_install': False, 'test_result_base': None}
[1.270s] Level 5:colcon.colcon_core.verb:set package 'rover_description' build argument 'cmake_args' from command line to 'None'
[1.270s] Level 5:colcon.colcon_core.verb:set package 'rover_description' build argument 'cmake_target' from command line to 'None'
[1.270s] Level 5:colcon.colcon_core.verb:set package 'rover_description' build argument 'cmake_target_skip_unavailable' from command line to 'False'
[1.271s] Level 5:colcon.colcon_core.verb:set package 'rover_description' build argument 'cmake_clean_cache' from command line to 'False'
[1.271s] Level 5:colcon.colcon_core.verb:set package 'rover_description' build argument 'cmake_clean_first' from command line to 'False'
[1.271s] Level 5:colcon.colcon_core.verb:set package 'rover_description' build argument 'cmake_force_configure' from command line to 'False'
[1.272s] Level 5:colcon.colcon_core.verb:set package 'rover_description' build argument 'ament_cmake_args' from command line to 'None'
[1.272s] Level 5:colcon.colcon_core.verb:set package 'rover_description' build argument 'catkin_cmake_args' from command line to 'None'
[1.272s] Level 5:colcon.colcon_core.verb:set package 'rover_description' build argument 'catkin_skip_building_tests' from command line to 'False'
[1.273s] DEBUG:colcon.colcon_core.verb:Building package 'rover_description' with the following arguments: {'ament_cmake_args': None, 'build_base': '/mnt/c/Users/kaush/Desktop/ros/build/rover_description', 'catkin_cmake_args': None, 'catkin_skip_building_tests': False, 'cmake_args': None, 'cmake_clean_cache': False, 'cmake_clean_first': False, 'cmake_force_configure': False, 'cmake_target': None, 'cmake_target_skip_unavailable': False, 'install_base': '/mnt/c/Users/kaush/Desktop/ros/install/rover_description', 'merge_install': False, 'path': '/mnt/c/Users/kaush/Desktop/ros/src/rover_description', 'symlink_install': False, 'test_result_base': None}
[1.273s] INFO:colcon.colcon_core.executor:Executing jobs using 'parallel' executor
[1.275s] DEBUG:colcon.colcon_parallel_executor.executor.parallel:run_until_complete
[1.276s] INFO:colcon.colcon_ros.task.ament_python.build:Building ROS package in '/mnt/c/Users/kaush/Desktop/ros/src/camera_controll' with build type 'ament_python'
[1.277s] Level 1:colcon.colcon_core.shell:create_environment_hook('camera_controll', 'ament_prefix_path')
[1.310s] INFO:colcon.colcon_core.plugin_system:Skipping extension 'colcon_core.shell.bat': Not used on non-Windows systems
[1.310s] INFO:colcon.colcon_core.shell:Creating environment hook '/mnt/c/Users/kaush/Desktop/ros/install/camera_controll/share/camera_controll/hook/ament_prefix_path.ps1'
[1.334s] INFO:colcon.colcon_core.shell:Creating environment descriptor '/mnt/c/Users/kaush/Desktop/ros/install/camera_controll/share/camera_controll/hook/ament_prefix_path.dsv'
[1.349s] INFO:colcon.colcon_core.shell:Creating environment hook '/mnt/c/Users/kaush/Desktop/ros/install/camera_controll/share/camera_controll/hook/ament_prefix_path.sh'
[1.364s] INFO:colcon.colcon_core.shell:Skip shell extension 'powershell' for command environment: Not usable outside of PowerShell
[1.364s] DEBUG:colcon.colcon_core.shell:Skip shell extension 'dsv' for command environment
[1.378s] INFO:colcon.colcon_ros.task.ament_cmake.build:Building ROS package in '/mnt/c/Users/kaush/Desktop/ros/src/cpp_motor' with build type 'ament_cmake'
[1.379s] INFO:colcon.colcon_cmake.task.cmake.build:Building CMake package in '/mnt/c/Users/kaush/Desktop/ros/src/cpp_motor'
[1.379s] INFO:colcon.colcon_core.shell:Skip shell extension 'powershell' for command environment: Not usable outside of PowerShell
[1.380s] DEBUG:colcon.colcon_core.shell:Skip shell extension 'dsv' for command environment
[1.388s] INFO:colcon.colcon_ros.task.ament_cmake.build:Building ROS package in '/mnt/c/Users/kaush/Desktop/ros/src/dream_world' with build type 'ament_cmake'
[1.388s] INFO:colcon.colcon_cmake.task.cmake.build:Building CMake package in '/mnt/c/Users/kaush/Desktop/ros/src/dream_world'
[1.389s] INFO:colcon.colcon_core.shell:Skip shell extension 'powershell' for command environment: Not usable outside of PowerShell
[1.389s] DEBUG:colcon.colcon_core.shell:Skip shell extension 'dsv' for command environment
[1.398s] INFO:colcon.colcon_ros.task.ament_python.build:Building ROS package in '/mnt/c/Users/kaush/Desktop/ros/src/motor_serial' with build type 'ament_python'
[1.398s] Level 1:colcon.colcon_core.shell:create_environment_hook('motor_serial', 'ament_prefix_path')
[1.399s] INFO:colcon.colcon_core.shell:Creating environment hook '/mnt/c/Users/kaush/Desktop/ros/install/motor_serial/share/motor_serial/hook/ament_prefix_path.ps1'
[1.420s] INFO:colcon.colcon_core.shell:Creating environment descriptor '/mnt/c/Users/kaush/Desktop/ros/install/motor_serial/share/motor_serial/hook/ament_prefix_path.dsv'
[1.437s] INFO:colcon.colcon_core.shell:Creating environment hook '/mnt/c/Users/kaush/Desktop/ros/install/motor_serial/share/motor_serial/hook/ament_prefix_path.sh'
[1.475s] INFO:colcon.colcon_core.shell:Skip shell extension 'powershell' for command environment: Not usable outside of PowerShell
[1.475s] DEBUG:colcon.colcon_core.shell:Skip shell extension 'dsv' for command environment
[1.493s] INFO:colcon.colcon_ros.task.ament_cmake.build:Building ROS package in '/mnt/c/Users/kaush/Desktop/ros/src/rover_description' with build type 'ament_cmake'
[1.494s] INFO:colcon.colcon_cmake.task.cmake.build:Building CMake package in '/mnt/c/Users/kaush/Desktop/ros/src/rover_description'
[1.495s] INFO:colcon.colcon_core.shell:Skip shell extension 'powershell' for command environment: Not usable outside of PowerShell
[1.495s] DEBUG:colcon.colcon_core.shell:Skip shell extension 'dsv' for command environment
[1.796s] INFO:colcon.colcon_core.task.python.build:Building Python package in '/mnt/c/Users/kaush/Desktop/ros/src/camera_controll'
[1.796s] INFO:colcon.colcon_core.shell:Skip shell extension 'powershell' for command environment: Not usable outside of PowerShell
[1.797s] DEBUG:colcon.colcon_core.shell:Skip shell extension 'dsv' for command environment
[1.923s] DEBUG:colcon.colcon_core.event_handler.log_command:Invoking command in '/mnt/c/Users/kaush/Desktop/ros/build/cpp_motor': CMAKE_PREFIX_PATH=/opt/ros/humble /usr/bin/cmake /mnt/c/Users/kaush/Desktop/ros/src/cpp_motor -DCMAKE_INSTALL_PREFIX=/mnt/c/Users/kaush/Desktop/ros/install/cpp_motor
[1.964s] DEBUG:colcon.colcon_core.event_handler.log_command:Invoking command in '/mnt/c/Users/kaush/Desktop/ros/build/dream_world': CMAKE_PREFIX_PATH=/opt/ros/humble /usr/bin/cmake /mnt/c/Users/kaush/Desktop/ros/src/dream_world -DCMAKE_INSTALL_PREFIX=/mnt/c/Users/kaush/Desktop/ros/install/dream_world
[2.189s] INFO:colcon.colcon_core.task.python.build:Building Python package in '/mnt/c/Users/kaush/Desktop/ros/src/motor_serial'
[2.189s] INFO:colcon.colcon_core.shell:Skip shell extension 'powershell' for command environment: Not usable outside of PowerShell
[2.190s] DEBUG:colcon.colcon_core.shell:Skip shell extension 'dsv' for command environment
[2.247s] DEBUG:colcon.colcon_core.event_handler.log_command:Invoking command in '/mnt/c/Users/kaush/Desktop/ros/build/rover_description': CMAKE_PREFIX_PATH=/opt/ros/humble /usr/bin/cmake /mnt/c/Users/kaush/Desktop/ros/src/rover_description -DCMAKE_INSTALL_PREFIX=/mnt/c/Users/kaush/Desktop/ros/install/rover_description
[3.530s] DEBUG:colcon.colcon_core.event_handler.log_command:Invoking command in '/mnt/c/Users/kaush/Desktop/ros/src/camera_controll': PYTHONPATH=/mnt/c/Users/kaush/Desktop/ros/build/camera_controll/prefix_override:/usr/lib/python3/dist-packages/colcon_core/task/python/colcon_distutils_commands:/mnt/c/Users/kaush/Desktop/ros/install/camera_controll/lib/python3.10/site-packages:${PYTHONPATH} /usr/bin/python3 -W ignore:setup.py install is deprecated -W ignore:easy_install command is deprecated setup.py egg_info --egg-base ../../build/camera_controll build --build-base /mnt/c/Users/kaush/Desktop/ros/build/camera_controll/build install --record /mnt/c/Users/kaush/Desktop/ros/build/camera_controll/install.log --single-version-externally-managed install_data
[3.545s] DEBUG:colcon.colcon_core.event_handler.log_command:Invoking command in '/mnt/c/Users/kaush/Desktop/ros/src/motor_serial': PYTHONPATH=/mnt/c/Users/kaush/Desktop/ros/build/motor_serial/prefix_override:/usr/lib/python3/dist-packages/colcon_core/task/python/colcon_distutils_commands:/mnt/c/Users/kaush/Desktop/ros/install/motor_serial/lib/python3.10/site-packages:${PYTHONPATH} /usr/bin/python3 -W ignore:setup.py install is deprecated -W ignore:easy_install command is deprecated setup.py egg_info --egg-base ../../build/motor_serial build --build-base /mnt/c/Users/kaush/Desktop/ros/build/motor_serial/build install --record /mnt/c/Users/kaush/Desktop/ros/build/motor_serial/install.log --single-version-externally-managed install_data
[5.423s] DEBUG:colcon.colcon_core.event_handler.log_command:Invoked command in '/mnt/c/Users/kaush/Desktop/ros/src/camera_controll' returned '0': PYTHONPATH=/mnt/c/Users/kaush/Desktop/ros/build/camera_controll/prefix_override:/usr/lib/python3/dist-packages/colcon_core/task/python/colcon_distutils_commands:/mnt/c/Users/kaush/Desktop/ros/install/camera_controll/lib/python3.10/site-packages:${PYTHONPATH} /usr/bin/python3 -W ignore:setup.py install is deprecated -W ignore:easy_install command is deprecated setup.py egg_info --egg-base ../../build/camera_controll build --build-base /mnt/c/Users/kaush/Desktop/ros/build/camera_controll/build install --record /mnt/c/Users/kaush/Desktop/ros/build/camera_controll/install.log --single-version-externally-managed install_data
[5.428s] Level 1:colcon.colcon_core.environment:checking '/mnt/c/Users/kaush/Desktop/ros/install/camera_controll' for CMake module files
[5.474s] Level 1:colcon.colcon_core.environment:checking '/mnt/c/Users/kaush/Desktop/ros/install/camera_controll' for CMake config files
[5.572s] Level 1:colcon.colcon_core.environment:checking '/mnt/c/Users/kaush/Desktop/ros/install/camera_controll/lib'
[5.576s] Level 1:colcon.colcon_core.environment:checking '/mnt/c/Users/kaush/Desktop/ros/install/camera_controll/bin'
[5.578s] Level 1:colcon.colcon_core.environment:checking '/mnt/c/Users/kaush/Desktop/ros/install/camera_controll/lib/pkgconfig/camera_controll.pc'
[5.579s] Level 1:colcon.colcon_core.environment:checking '/mnt/c/Users/kaush/Desktop/ros/install/camera_controll/lib/python3.10/site-packages'
[5.582s] Level 1:colcon.colcon_core.shell:create_environment_hook('camera_controll', 'pythonpath')
[5.582s] INFO:colcon.colcon_core.shell:Creating environment hook '/mnt/c/Users/kaush/Desktop/ros/install/camera_controll/share/camera_controll/hook/pythonpath.ps1'
[5.598s] INFO:colcon.colcon_core.shell:Creating environment descriptor '/mnt/c/Users/kaush/Desktop/ros/install/camera_controll/share/camera_controll/hook/pythonpath.dsv'
[5.614s] INFO:colcon.colcon_core.shell:Creating environment hook '/mnt/c/Users/kaush/Desktop/ros/install/camera_controll/share/camera_controll/hook/pythonpath.sh'
[5.629s] Level 1:colcon.colcon_core.environment:checking '/mnt/c/Users/kaush/Desktop/ros/install/camera_controll/bin'
[5.631s] Level 1:colcon.colcon_core.environment:create_environment_scripts_only(camera_controll)
[5.631s] INFO:colcon.colcon_core.shell:Creating package script '/mnt/c/Users/kaush/Desktop/ros/install/camera_controll/share/camera_controll/package.ps1'
[5.645s] INFO:colcon.colcon_core.shell:Creating package descriptor '/mnt/c/Users/kaush/Desktop/ros/install/camera_controll/share/camera_controll/package.dsv'
[5.659s] INFO:colcon.colcon_core.shell:Creating package script '/mnt/c/Users/kaush/Desktop/ros/install/camera_controll/share/camera_controll/package.sh'
[5.672s] INFO:colcon.colcon_core.shell:Creating package script '/mnt/c/Users/kaush/Desktop/ros/install/camera_controll/share/camera_controll/package.bash'
[5.687s] INFO:colcon.colcon_core.shell:Creating package script '/mnt/c/Users/kaush/Desktop/ros/install/camera_controll/share/camera_controll/package.zsh'
[5.701s] Level 1:colcon.colcon_core.environment:create_file_with_runtime_dependencies(/mnt/c/Users/kaush/Desktop/ros/install/camera_controll/share/colcon-core/packages/camera_controll)
[5.957s] Level 1:colcon.colcon_core.environment:checking '/mnt/c/Users/kaush/Desktop/ros/install/motor_serial' for CMake module files
[5.959s] DEBUG:colcon.colcon_core.event_handler.log_command:Invoked command in '/mnt/c/Users/kaush/Desktop/ros/src/motor_serial' returned '0': PYTHONPATH=/mnt/c/Users/kaush/Desktop/ros/build/motor_serial/prefix_override:/usr/lib/python3/dist-packages/colcon_core/task/python/colcon_distutils_commands:/mnt/c/Users/kaush/Desktop/ros/install/motor_serial/lib/python3.10/site-packages:${PYTHONPATH} /usr/bin/python3 -W ignore:setup.py install is deprecated -W ignore:easy_install command is deprecated setup.py egg_info --egg-base ../../build/motor_serial build --build-base /mnt/c/Users/kaush/Desktop/ros/build/motor_serial/build install --record /mnt/c/Users/kaush/Desktop/ros/build/motor_serial/install.log --single-version-externally-managed install_data
[6.022s] Level 1:colcon.colcon_core.environment:checking '/mnt/c/Users/kaush/Desktop/ros/install/motor_serial' for CMake config files
[6.129s] Level 1:colcon.colcon_core.environment:checking '/mnt/c/Users/kaush/Desktop/ros/install/motor_serial/lib'
[6.134s] Level 1:colcon.colcon_core.environment:checking '/mnt/c/Users/kaush/Desktop/ros/install/motor_serial/bin'
[6.136s] Level 1:colcon.colcon_core.environment:checking '/mnt/c/Users/kaush/Desktop/ros/install/motor_serial/lib/pkgconfig/motor_serial.pc'
[6.139s] Level 1:colcon.colcon_core.environment:checking '/mnt/c/Users/kaush/Desktop/ros/install/motor_serial/lib/python3.10/site-packages'
[6.142s] Level 1:colcon.colcon_core.shell:create_environment_hook('motor_serial', 'pythonpath')
[6.143s] INFO:colcon.colcon_core.shell:Creating environment hook '/mnt/c/Users/kaush/Desktop/ros/install/motor_serial/share/motor_serial/hook/pythonpath.ps1'
[6.161s] INFO:colcon.colcon_core.shell:Creating environment descriptor '/mnt/c/Users/kaush/Desktop/ros/install/motor_serial/share/motor_serial/hook/pythonpath.dsv'
[6.178s] INFO:colcon.colcon_core.shell:Creating environment hook '/mnt/c/Users/kaush/Desktop/ros/install/motor_serial/share/motor_serial/hook/pythonpath.sh'
[6.194s] Level 1:colcon.colcon_core.environment:checking '/mnt/c/Users/kaush/Desktop/ros/install/motor_serial/bin'
[6.196s] Level 1:colcon.colcon_core.environment:create_environment_scripts_only(motor_serial)
[6.197s] INFO:colcon.colcon_core.shell:Creating package script '/mnt/c/Users/kaush/Desktop/ros/install/motor_serial/share/motor_serial/package.ps1'
[6.211s] INFO:colcon.colcon_core.shell:Creating package descriptor '/mnt/c/Users/kaush/Desktop/ros/install/motor_serial/share/motor_serial/package.dsv'
[6.225s] INFO:colcon.colcon_core.shell:Creating package script '/mnt/c/Users/kaush/Desktop/ros/install/motor_serial/share/motor_serial/package.sh'
[6.240s] INFO:colcon.colcon_core.shell:Creating package script '/mnt/c/Users/kaush/Desktop/ros/install/motor_serial/share/motor_serial/package.bash'
[6.255s] INFO:colcon.colcon_core.shell:Creating package script '/mnt/c/Users/kaush/Desktop/ros/install/motor_serial/share/motor_serial/package.zsh'
[6.269s] Level 1:colcon.colcon_core.environment:create_file_with_runtime_dependencies(/mnt/c/Users/kaush/Desktop/ros/install/motor_serial/share/colcon-core/packages/motor_serial)
[6.900s] DEBUG:colcon.colcon_core.event_handler.log_command:Invoked command in '/mnt/c/Users/kaush/Desktop/ros/build/rover_description' returned '0': CMAKE_PREFIX_PATH=/opt/ros/humble /usr/bin/cmake /mnt/c/Users/kaush/Desktop/ros/src/rover_description -DCMAKE_INSTALL_PREFIX=/mnt/c/Users/kaush/Desktop/ros/install/rover_description
[6.902s] DEBUG:colcon.colcon_core.event_handler.log_command:Invoking command in '/mnt/c/Users/kaush/Desktop/ros/build/rover_description': CMAKE_PREFIX_PATH=/opt/ros/humble /usr/bin/cmake --build /mnt/c/Users/kaush/Desktop/ros/build/rover_description -- -j16 -l16
[6.996s] DEBUG:colcon.colcon_core.event_handler.log_command:Invoked command in '/mnt/c/Users/kaush/Desktop/ros/build/rover_description' returned '0': CMAKE_PREFIX_PATH=/opt/ros/humble /usr/bin/cmake --build /mnt/c/Users/kaush/Desktop/ros/build/rover_description -- -j16 -l16
[7.026s] DEBUG:colcon.colcon_core.event_handler.log_command:Invoking command in '/mnt/c/Users/kaush/Desktop/ros/build/rover_description': CMAKE_PREFIX_PATH=/opt/ros/humble /usr/bin/cmake --install /mnt/c/Users/kaush/Desktop/ros/build/rover_description
[10.071s] Level 1:colcon.colcon_core.environment:create_environment_scripts_only(rover_description)
[10.072s] Level 1:colcon.colcon_core.environment:checking '/mnt/c/Users/kaush/Desktop/ros/install/rover_description' for CMake module files
[10.073s] DEBUG:colcon.colcon_core.event_handler.log_command:Invoked command in '/mnt/c/Users/kaush/Desktop/ros/build/rover_description' returned '0': CMAKE_PREFIX_PATH=/opt/ros/humble /usr/bin/cmake --install /mnt/c/Users/kaush/Desktop/ros/build/rover_description
[10.172s] Level 1:colcon.colcon_core.environment:checking '/mnt/c/Users/kaush/Desktop/ros/install/rover_description' for CMake config files
[10.228s] Level 1:colcon.colcon_core.shell:create_environment_hook('rover_description', 'cmake_prefix_path')
[10.229s] INFO:colcon.colcon_core.shell:Creating environment hook '/mnt/c/Users/kaush/Desktop/ros/install/rover_description/share/rover_description/hook/cmake_prefix_path.ps1'
[10.244s] INFO:colcon.colcon_core.shell:Creating environment descriptor '/mnt/c/Users/kaush/Desktop/ros/install/rover_description/share/rover_description/hook/cmake_prefix_path.dsv'
[10.260s] INFO:colcon.colcon_core.shell:Creating environment hook '/mnt/c/Users/kaush/Desktop/ros/install/rover_description/share/rover_description/hook/cmake_prefix_path.sh'
[10.282s] Level 1:colcon.colcon_core.environment:checking '/mnt/c/Users/kaush/Desktop/ros/install/rover_description/bin'
[10.283s] Level 1:colcon.colcon_core.environment:checking '/mnt/c/Users/kaush/Desktop/ros/install/rover_description/lib/pkgconfig/rover_description.pc'
[10.285s] Level 1:colcon.colcon_core.environment:checking '/mnt/c/Users/kaush/Desktop/ros/install/rover_description/lib/python3.10/site-packages'
[10.286s] Level 1:colcon.colcon_core.environment:checking '/mnt/c/Users/kaush/Desktop/ros/install/rover_description/bin'
[10.288s] INFO:colcon.colcon_core.shell:Creating package script '/mnt/c/Users/kaush/Desktop/ros/install/rover_description/share/rover_description/package.ps1'
[10.302s] INFO:colcon.colcon_core.shell:Creating package descriptor '/mnt/c/Users/kaush/Desktop/ros/install/rover_description/share/rover_description/package.dsv'
[10.318s] INFO:colcon.colcon_core.shell:Creating package script '/mnt/c/Users/kaush/Desktop/ros/install/rover_description/share/rover_description/package.sh'
[10.331s] INFO:colcon.colcon_core.shell:Creating package script '/mnt/c/Users/kaush/Desktop/ros/install/rover_description/share/rover_description/package.bash'
[10.344s] INFO:colcon.colcon_core.shell:Creating package script '/mnt/c/Users/kaush/Desktop/ros/install/rover_description/share/rover_description/package.zsh'
[10.359s] Level 1:colcon.colcon_core.environment:create_file_with_runtime_dependencies(/mnt/c/Users/kaush/Desktop/ros/install/rover_description/share/colcon-core/packages/rover_description)
[10.389s] Level 1:colcon.colcon_core.environment:create_environment_scripts_only(rover_description)
[10.390s] Level 1:colcon.colcon_core.environment:checking '/mnt/c/Users/kaush/Desktop/ros/install/rover_description' for CMake module files
[10.499s] Level 1:colcon.colcon_core.environment:checking '/mnt/c/Users/kaush/Desktop/ros/install/rover_description' for CMake config files
[10.576s] Level 1:colcon.colcon_core.shell:create_environment_hook('rover_description', 'cmake_prefix_path')
[10.576s] INFO:colcon.colcon_core.shell:Creating environment hook '/mnt/c/Users/kaush/Desktop/ros/install/rover_description/share/rover_description/hook/cmake_prefix_path.ps1'
[10.593s] INFO:colcon.colcon_core.shell:Creating environment descriptor '/mnt/c/Users/kaush/Desktop/ros/install/rover_description/share/rover_description/hook/cmake_prefix_path.dsv'
[10.610s] INFO:colcon.colcon_core.shell:Creating environment hook '/mnt/c/Users/kaush/Desktop/ros/install/rover_description/share/rover_description/hook/cmake_prefix_path.sh'
[10.631s] Level 1:colcon.colcon_core.environment:checking '/mnt/c/Users/kaush/Desktop/ros/install/rover_description/bin'
[10.633s] Level 1:colcon.colcon_core.environment:checking '/mnt/c/Users/kaush/Desktop/ros/install/rover_description/lib/pkgconfig/rover_description.pc'
[10.634s] Level 1:colcon.colcon_core.environment:checking '/mnt/c/Users/kaush/Desktop/ros/install/rover_description/lib/python3.10/site-packages'
[10.636s] Level 1:colcon.colcon_core.environment:checking '/mnt/c/Users/kaush/Desktop/ros/install/rover_description/bin'
[10.638s] INFO:colcon.colcon_core.shell:Creating package script '/mnt/c/Users/kaush/Desktop/ros/install/rover_description/share/rover_description/package.ps1'
[10.653s] INFO:colcon.colcon_core.shell:Creating package descriptor '/mnt/c/Users/kaush/Desktop/ros/install/rover_description/share/rover_description/package.dsv'
[10.667s] INFO:colcon.colcon_core.shell:Creating package script '/mnt/c/Users/kaush/Desktop/ros/install/rover_description/share/rover_description/package.sh'
[10.681s] INFO:colcon.colcon_core.shell:Creating package script '/mnt/c/Users/kaush/Desktop/ros/install/rover_description/share/rover_description/package.bash'
[10.695s] INFO:colcon.colcon_core.shell:Creating package script '/mnt/c/Users/kaush/Desktop/ros/install/rover_description/share/rover_description/package.zsh'
[10.709s] Level 1:colcon.colcon_core.environment:create_file_with_runtime_dependencies(/mnt/c/Users/kaush/Desktop/ros/install/rover_description/share/colcon-core/packages/rover_description)
[16.487s] DEBUG:colcon.colcon_core.event_handler.log_command:Invoked command in '/mnt/c/Users/kaush/Desktop/ros/build/cpp_motor' returned '0': CMAKE_PREFIX_PATH=/opt/ros/humble /usr/bin/cmake /mnt/c/Users/kaush/Desktop/ros/src/cpp_motor -DCMAKE_INSTALL_PREFIX=/mnt/c/Users/kaush/Desktop/ros/install/cpp_motor
[16.497s] DEBUG:colcon.colcon_core.event_handler.log_command:Invoking command in '/mnt/c/Users/kaush/Desktop/ros/build/cpp_motor': CMAKE_PREFIX_PATH=/opt/ros/humble /usr/bin/cmake --build /mnt/c/Users/kaush/Desktop/ros/build/cpp_motor -- -j16 -l16
[29.068s] DEBUG:colcon.colcon_core.event_handler.log_command:Invoked command in '/mnt/c/Users/kaush/Desktop/ros/build/cpp_motor' returned '0': CMAKE_PREFIX_PATH=/opt/ros/humble /usr/bin/cmake --build /mnt/c/Users/kaush/Desktop/ros/build/cpp_motor -- -j16 -l16
[29.088s] DEBUG:colcon.colcon_core.event_handler.log_command:Invoking command in '/mnt/c/Users/kaush/Desktop/ros/build/cpp_motor': CMAKE_PREFIX_PATH=/opt/ros/humble /usr/bin/cmake --install /mnt/c/Users/kaush/Desktop/ros/build/cpp_motor
[31.144s] Level 1:colcon.colcon_core.environment:create_environment_scripts_only(cpp_motor)
[31.145s] Level 1:colcon.colcon_core.environment:checking '/mnt/c/Users/kaush/Desktop/ros/install/cpp_motor' for CMake module files
[31.145s] DEBUG:colcon.colcon_core.event_handler.log_command:Invoked command in '/mnt/c/Users/kaush/Desktop/ros/build/cpp_motor' returned '0': CMAKE_PREFIX_PATH=/opt/ros/humble /usr/bin/cmake --install /mnt/c/Users/kaush/Desktop/ros/build/cpp_motor
[31.234s] Level 1:colcon.colcon_core.environment:checking '/mnt/c/Users/kaush/Desktop/ros/install/cpp_motor' for CMake config files
[31.296s] Level 1:colcon.colcon_core.shell:create_environment_hook('cpp_motor', 'cmake_prefix_path')
[31.297s] INFO:colcon.colcon_core.shell:Creating environment hook '/mnt/c/Users/kaush/Desktop/ros/install/cpp_motor/share/cpp_motor/hook/cmake_prefix_path.ps1'
[31.311s] INFO:colcon.colcon_core.shell:Creating environment descriptor '/mnt/c/Users/kaush/Desktop/ros/install/cpp_motor/share/cpp_motor/hook/cmake_prefix_path.dsv'
[31.326s] INFO:colcon.colcon_core.shell:Creating environment hook '/mnt/c/Users/kaush/Desktop/ros/install/cpp_motor/share/cpp_motor/hook/cmake_prefix_path.sh'
[31.348s] Level 1:colcon.colcon_core.environment:checking '/mnt/c/Users/kaush/Desktop/ros/install/cpp_motor/lib'
[31.352s] Level 1:colcon.colcon_core.environment:checking '/mnt/c/Users/kaush/Desktop/ros/install/cpp_motor/bin'
[31.354s] Level 1:colcon.colcon_core.environment:checking '/mnt/c/Users/kaush/Desktop/ros/install/cpp_motor/lib/pkgconfig/cpp_motor.pc'
[31.356s] Level 1:colcon.colcon_core.environment:checking '/mnt/c/Users/kaush/Desktop/ros/install/cpp_motor/lib/python3.10/site-packages'
[31.358s] Level 1:colcon.colcon_core.environment:checking '/mnt/c/Users/kaush/Desktop/ros/install/cpp_motor/bin'
[31.360s] INFO:colcon.colcon_core.shell:Creating package script '/mnt/c/Users/kaush/Desktop/ros/install/cpp_motor/share/cpp_motor/package.ps1'
[31.375s] INFO:colcon.colcon_core.shell:Creating package descriptor '/mnt/c/Users/kaush/Desktop/ros/install/cpp_motor/share/cpp_motor/package.dsv'
[31.389s] INFO:colcon.colcon_core.shell:Creating package script '/mnt/c/Users/kaush/Desktop/ros/install/cpp_motor/share/cpp_motor/package.sh'
[31.403s] INFO:colcon.colcon_core.shell:Creating package script '/mnt/c/Users/kaush/Desktop/ros/install/cpp_motor/share/cpp_motor/package.bash'
[31.417s] INFO:colcon.colcon_core.shell:Creating package script '/mnt/c/Users/kaush/Desktop/ros/install/cpp_motor/share/cpp_motor/package.zsh'
[31.431s] Level 1:colcon.colcon_core.environment:create_file_with_runtime_dependencies(/mnt/c/Users/kaush/Desktop/ros/install/cpp_motor/share/colcon-core/packages/cpp_motor)
[31.461s] Level 1:colcon.colcon_core.environment:create_environment_scripts_only(cpp_motor)
[31.462s] Level 1:colcon.colcon_core.environment:checking '/mnt/c/Users/kaush/Desktop/ros/install/cpp_motor' for CMake module files
[31.569s] Level 1:colcon.colcon_core.environment:checking '/mnt/c/Users/kaush/Desktop/ros/install/cpp_motor' for CMake config files
[31.649s] Level 1:colcon.colcon_core.shell:create_environment_hook('cpp_motor', 'cmake_prefix_path')
[31.649s] INFO:colcon.colcon_core.shell:Creating environment hook '/mnt/c/Users/kaush/Desktop/ros/install/cpp_motor/share/cpp_motor/hook/cmake_prefix_path.ps1'
[31.665s] INFO:colcon.colcon_core.shell:Creating environment descriptor '/mnt/c/Users/kaush/Desktop/ros/install/cpp_motor/share/cpp_motor/hook/cmake_prefix_path.dsv'
[31.681s] INFO:colcon.colcon_core.shell:Creating environment hook '/mnt/c/Users/kaush/Desktop/ros/install/cpp_motor/share/cpp_motor/hook/cmake_prefix_path.sh'
[31.701s] Level 1:colcon.colcon_core.environment:checking '/mnt/c/Users/kaush/Desktop/ros/install/cpp_motor/lib'
[31.707s] Level 1:colcon.colcon_core.environment:checking '/mnt/c/Users/kaush/Desktop/ros/install/cpp_motor/bin'
[31.708s] Level 1:colcon.colcon_core.environment:checking '/mnt/c/Users/kaush/Desktop/ros/install/cpp_motor/lib/pkgconfig/cpp_motor.pc'
[31.710s] Level 1:colcon.colcon_core.environment:checking '/mnt/c/Users/kaush/Desktop/ros/install/cpp_motor/lib/python3.10/site-packages'
[31.712s] Level 1:colcon.colcon_core.environment:checking '/mnt/c/Users/kaush/Desktop/ros/install/cpp_motor/bin'
[31.714s] INFO:colcon.colcon_core.shell:Creating package script '/mnt/c/Users/kaush/Desktop/ros/install/cpp_motor/share/cpp_motor/package.ps1'
[31.728s] INFO:colcon.colcon_core.shell:Creating package descriptor '/mnt/c/Users/kaush/Desktop/ros/install/cpp_motor/share/cpp_motor/package.dsv'
[31.742s] INFO:colcon.colcon_core.shell:Creating package script '/mnt/c/Users/kaush/Desktop/ros/install/cpp_motor/share/cpp_motor/package.sh'
[31.755s] INFO:colcon.colcon_core.shell:Creating package script '/mnt/c/Users/kaush/Desktop/ros/install/cpp_motor/share/cpp_motor/package.bash'
[31.767s] INFO:colcon.colcon_core.shell:Creating package script '/mnt/c/Users/kaush/Desktop/ros/install/cpp_motor/share/cpp_motor/package.zsh'
[31.781s] Level 1:colcon.colcon_core.environment:create_file_with_runtime_dependencies(/mnt/c/Users/kaush/Desktop/ros/install/cpp_motor/share/colcon-core/packages/cpp_motor)
[39.454s] DEBUG:colcon.colcon_core.event_handler.log_command:Invoked command in '/mnt/c/Users/kaush/Desktop/ros/build/dream_world' returned '0': CMAKE_PREFIX_PATH=/opt/ros/humble /usr/bin/cmake /mnt/c/Users/kaush/Desktop/ros/src/dream_world -DCMAKE_INSTALL_PREFIX=/mnt/c/Users/kaush/Desktop/ros/install/dream_world
[39.467s] DEBUG:colcon.colcon_core.event_handler.log_command:Invoking command in '/mnt/c/Users/kaush/Desktop/ros/build/dream_world': CMAKE_PREFIX_PATH=/opt/ros/humble /usr/bin/cmake --build /mnt/c/Users/kaush/Desktop/ros/build/dream_world -- -j16 -l16
[39.582s] DEBUG:colcon.colcon_core.event_handler.log_command:Invoked command in '/mnt/c/Users/kaush/Desktop/ros/build/dream_world' returned '0': CMAKE_PREFIX_PATH=/opt/ros/humble /usr/bin/cmake --build /mnt/c/Users/kaush/Desktop/ros/build/dream_world -- -j16 -l16
[39.608s] DEBUG:colcon.colcon_core.event_handler.log_command:Invoking command in '/mnt/c/Users/kaush/Desktop/ros/build/dream_world': CMAKE_PREFIX_PATH=/opt/ros/humble /usr/bin/cmake --install /mnt/c/Users/kaush/Desktop/ros/build/dream_world
[104.658s] Level 1:colcon.colcon_core.environment:create_environment_scripts_only(dream_world)
[104.658s] Level 1:colcon.colcon_core.environment:checking '/mnt/c/Users/kaush/Desktop/ros/install/dream_world' for CMake module files
[104.660s] DEBUG:colcon.colcon_core.event_handler.log_command:Invoked command in '/mnt/c/Users/kaush/Desktop/ros/build/dream_world' returned '0': CMAKE_PREFIX_PATH=/opt/ros/humble /usr/bin/cmake --install /mnt/c/Users/kaush/Desktop/ros/build/dream_world
[104.740s] Level 1:colcon.colcon_core.environment:checking '/mnt/c/Users/kaush/Desktop/ros/install/dream_world' for CMake config files
[104.799s] Level 1:colcon.colcon_core.shell:create_environment_hook('dream_world', 'cmake_prefix_path')
[104.799s] INFO:colcon.colcon_core.shell:Creating environment hook '/mnt/c/Users/kaush/Desktop/ros/install/dream_world/share/dream_world/hook/cmake_prefix_path.ps1'
[104.814s] INFO:colcon.colcon_core.shell:Creating environment descriptor '/mnt/c/Users/kaush/Desktop/ros/install/dream_world/share/dream_world/hook/cmake_prefix_path.dsv'
[104.831s] INFO:colcon.colcon_core.shell:Creating environment hook '/mnt/c/Users/kaush/Desktop/ros/install/dream_world/share/dream_world/hook/cmake_prefix_path.sh'
[104.877s] Level 1:colcon.colcon_core.environment:checking '/mnt/c/Users/kaush/Desktop/ros/install/dream_world/bin'
[104.879s] Level 1:colcon.colcon_core.environment:checking '/mnt/c/Users/kaush/Desktop/ros/install/dream_world/lib/pkgconfig/dream_world.pc'
[104.881s] Level 1:colcon.colcon_core.environment:checking '/mnt/c/Users/kaush/Desktop/ros/install/dream_world/lib/python3.10/site-packages'
[104.883s] Level 1:colcon.colcon_core.environment:checking '/mnt/c/Users/kaush/Desktop/ros/install/dream_world/bin'
[104.886s] INFO:colcon.colcon_core.shell:Creating package script '/mnt/c/Users/kaush/Desktop/ros/install/dream_world/share/dream_world/package.ps1'
[104.898s] INFO:colcon.colcon_core.shell:Creating package descriptor '/mnt/c/Users/kaush/Desktop/ros/install/dream_world/share/dream_world/package.dsv'
[104.916s] INFO:colcon.colcon_core.shell:Creating package script '/mnt/c/Users/kaush/Desktop/ros/install/dream_world/share/dream_world/package.sh'
[104.933s] INFO:colcon.colcon_core.shell:Creating package script '/mnt/c/Users/kaush/Desktop/ros/install/dream_world/share/dream_world/package.bash'
[104.950s] INFO:colcon.colcon_core.shell:Creating package script '/mnt/c/Users/kaush/Desktop/ros/install/dream_world/share/dream_world/package.zsh'
[104.966s] Level 1:colcon.colcon_core.environment:create_file_with_runtime_dependencies(/mnt/c/Users/kaush/Desktop/ros/install/dream_world/share/colcon-core/packages/dream_world)
[105.006s] Level 1:colcon.colcon_core.environment:create_environment_scripts_only(dream_world)
[105.006s] Level 1:colcon.colcon_core.environment:checking '/mnt/c/Users/kaush/Desktop/ros/install/dream_world' for CMake module files
[105.112s] Level 1:colcon.colcon_core.environment:checking '/mnt/c/Users/kaush/Desktop/ros/install/dream_world' for CMake config files
[105.182s] Level 1:colcon.colcon_core.shell:create_environment_hook('dream_world', 'cmake_prefix_path')
[105.183s] INFO:colcon.colcon_core.shell:Creating environment hook '/mnt/c/Users/kaush/Desktop/ros/install/dream_world/share/dream_world/hook/cmake_prefix_path.ps1'
[105.201s] INFO:colcon.colcon_core.shell:Creating environment descriptor '/mnt/c/Users/kaush/Desktop/ros/install/dream_world/share/dream_world/hook/cmake_prefix_path.dsv'
[105.220s] INFO:colcon.colcon_core.shell:Creating environment hook '/mnt/c/Users/kaush/Desktop/ros/install/dream_world/share/dream_world/hook/cmake_prefix_path.sh'
[105.238s] Level 1:colcon.colcon_core.environment:checking '/mnt/c/Users/kaush/Desktop/ros/install/dream_world/bin'
[105.240s] Level 1:colcon.colcon_core.environment:checking '/mnt/c/Users/kaush/Desktop/ros/install/dream_world/lib/pkgconfig/dream_world.pc'
[105.241s] Level 1:colcon.colcon_core.environment:checking '/mnt/c/Users/kaush/Desktop/ros/install/dream_world/lib/python3.10/site-packages'
[105.242s] Level 1:colcon.colcon_core.environment:checking '/mnt/c/Users/kaush/Desktop/ros/install/dream_world/bin'
[105.245s] INFO:colcon.colcon_core.shell:Creating package script '/mnt/c/Users/kaush/Desktop/ros/install/dream_world/share/dream_world/package.ps1'
[105.257s] INFO:colcon.colcon_core.shell:Creating package descriptor '/mnt/c/Users/kaush/Desktop/ros/install/dream_world/share/dream_world/package.dsv'
[105.272s] INFO:colcon.colcon_core.shell:Creating package script '/mnt/c/Users/kaush/Desktop/ros/install/dream_world/share/dream_world/package.sh'
[105.289s] INFO:colcon.colcon_core.shell:Creating package script '/mnt/c/Users/kaush/Desktop/ros/install/dream_world/share/dream_world/package.bash'
[105.305s] INFO:colcon.colcon_core.shell:Creating package script '/mnt/c/Users/kaush/Desktop/ros/install/dream_world/share/dream_world/package.zsh'
[105.320s] Level 1:colcon.colcon_core.environment:create_file_with_runtime_dependencies(/mnt/c/Users/kaush/Desktop/ros/install/dream_world/share/colcon-core/packages/dream_world)
[105.331s] DEBUG:colcon.colcon_parallel_executor.executor.parallel:closing loop
[105.332s] DEBUG:colcon.colcon_parallel_executor.executor.parallel:loop closed
[105.332s] DEBUG:colcon.colcon_parallel_executor.executor.parallel:run_until_complete finished with '0'
[105.333s] DEBUG:colcon.colcon_core.event_reactor:joining thread
[105.420s] INFO:colcon.colcon_core.plugin_system:Skipping extension 'colcon_notification.desktop_notification.notify_send': Could not find 'notify-send'
[105.420s] INFO:colcon.colcon_core.plugin_system:Skipping extension 'colcon_notification.desktop_notification.terminal_notifier': Not used on non-Darwin systems
[105.421s] INFO:colcon.colcon_core.plugin_system:Skipping extension 'colcon_notification.desktop_notification.win32': Not used on non-Windows systems
[105.421s] INFO:colcon.colcon_notification.desktop_notification:Sending desktop notification using 'notify2'
[105.421s] DEBUG:colcon.colcon_notification.desktop_notification.notify2:Failed to initialize notify2: org.freedesktop.DBus.Error.FileNotFound: Failed to connect to socket /run/user/1000/bus: No such file or directory
[105.422s] DEBUG:colcon.colcon_core.event_reactor:joined thread
[105.422s] INFO:colcon.colcon_core.shell:Creating prefix script '/mnt/c/Users/kaush/Desktop/ros/install/local_setup.ps1'
[105.452s] INFO:colcon.colcon_core.shell:Creating prefix util module '/mnt/c/Users/kaush/Desktop/ros/install/_local_setup_util_ps1.py'
[105.460s] INFO:colcon.colcon_core.shell:Creating prefix chain script '/mnt/c/Users/kaush/Desktop/ros/install/setup.ps1'
[105.468s] INFO:colcon.colcon_core.shell:Creating prefix script '/mnt/c/Users/kaush/Desktop/ros/install/local_setup.sh'
[105.475s] INFO:colcon.colcon_core.shell:Creating prefix util module '/mnt/c/Users/kaush/Desktop/ros/install/_local_setup_util_sh.py'
[105.482s] INFO:colcon.colcon_core.shell:Creating prefix chain script '/mnt/c/Users/kaush/Desktop/ros/install/setup.sh'
[105.492s] INFO:colcon.colcon_core.shell:Creating prefix script '/mnt/c/Users/kaush/Desktop/ros/install/local_setup.bash'
[105.500s] INFO:colcon.colcon_core.shell:Creating prefix chain script '/mnt/c/Users/kaush/Desktop/ros/install/setup.bash'
[105.509s] INFO:colcon.colcon_core.shell:Creating prefix script '/mnt/c/Users/kaush/Desktop/ros/install/local_setup.zsh'
[105.517s] INFO:colcon.colcon_core.shell:Creating prefix chain script '/mnt/c/Users/kaush/Desktop/ros/install/setup.zsh'
