[2.145s] Invoking command in '/mnt/c/Users/kaush/Desktop/ros/src/motor_serial': PYTHONPATH=/mnt/c/Users/kaush/Desktop/ros/build/motor_serial/prefix_override:/usr/lib/python3/dist-packages/colcon_core/task/python/colcon_distutils_commands:/mnt/c/Users/kaush/Desktop/ros/install/motor_serial/lib/python3.10/site-packages:${PYTHONPATH} /usr/bin/python3 -W ignore:setup.py install is deprecated -W ignore:easy_install command is deprecated setup.py egg_info --egg-base ../../build/motor_serial build --build-base /mnt/c/Users/kaush/Desktop/ros/build/motor_serial/build install --record /mnt/c/Users/kaush/Desktop/ros/build/motor_serial/install.log --single-version-externally-managed install_data
[2.906s] running egg_info
[2.911s] creating ../../build/motor_serial/motor_serial.egg-info
[2.914s] writing ../../build/motor_serial/motor_serial.egg-info/PKG-INFO
[2.926s] writing dependency_links to ../../build/motor_serial/motor_serial.egg-info/dependency_links.txt
[2.934s] writing entry points to ../../build/motor_serial/motor_serial.egg-info/entry_points.txt
[2.941s] writing requirements to ../../build/motor_serial/motor_serial.egg-info/requires.txt
[2.945s] writing top-level names to ../../build/motor_serial/motor_serial.egg-info/top_level.txt
[2.953s] writing manifest file '../../build/motor_serial/motor_serial.egg-info/SOURCES.txt'
[3.010s] reading manifest file '../../build/motor_serial/motor_serial.egg-info/SOURCES.txt'
[3.080s] writing manifest file '../../build/motor_serial/motor_serial.egg-info/SOURCES.txt'
[3.084s] running build
[3.085s] running build_py
[3.089s] creating /mnt/c/Users/kaush/Desktop/ros/build/motor_serial/build
[3.095s] creating /mnt/c/Users/kaush/Desktop/ros/build/motor_serial/build/lib
[3.096s] creating /mnt/c/Users/kaush/Desktop/ros/build/motor_serial/build/lib/motor_serial
[3.107s] copying motor_serial/arrow_teleop.py -> /mnt/c/Users/kaush/Desktop/ros/build/motor_serial/build/lib/motor_serial
[3.153s] copying motor_serial/motor_controller.py -> /mnt/c/Users/kaush/Desktop/ros/build/motor_serial/build/lib/motor_serial
[3.195s] copying motor_serial/ps5_drive.py -> /mnt/c/Users/kaush/Desktop/ros/build/motor_serial/build/lib/motor_serial
[3.229s] copying motor_serial/serial_bridge.py -> /mnt/c/Users/kaush/Desktop/ros/build/motor_serial/build/lib/motor_serial
[3.269s] copying motor_serial/twist_to_motor.py -> /mnt/c/Users/kaush/Desktop/ros/build/motor_serial/build/lib/motor_serial
[3.314s] copying motor_serial/__init__.py -> /mnt/c/Users/kaush/Desktop/ros/build/motor_serial/build/lib/motor_serial
[3.330s] running install
[3.332s] running install_lib
[3.358s] creating /mnt/c/Users/kaush/Desktop/ros/install/motor_serial/lib/python3.10/site-packages/motor_serial
[3.377s] copying /mnt/c/Users/kaush/Desktop/ros/build/motor_serial/build/lib/motor_serial/arrow_teleop.py -> /mnt/c/Users/kaush/Desktop/ros/install/motor_serial/lib/python3.10/site-packages/motor_serial
[3.423s] copying /mnt/c/Users/kaush/Desktop/ros/build/motor_serial/build/lib/motor_serial/motor_controller.py -> /mnt/c/Users/kaush/Desktop/ros/install/motor_serial/lib/python3.10/site-packages/motor_serial
[3.461s] copying /mnt/c/Users/kaush/Desktop/ros/build/motor_serial/build/lib/motor_serial/ps5_drive.py -> /mnt/c/Users/kaush/Desktop/ros/install/motor_serial/lib/python3.10/site-packages/motor_serial
[3.501s] copying /mnt/c/Users/kaush/Desktop/ros/build/motor_serial/build/lib/motor_serial/serial_bridge.py -> /mnt/c/Users/kaush/Desktop/ros/install/motor_serial/lib/python3.10/site-packages/motor_serial
[3.543s] copying /mnt/c/Users/kaush/Desktop/ros/build/motor_serial/build/lib/motor_serial/twist_to_motor.py -> /mnt/c/Users/kaush/Desktop/ros/install/motor_serial/lib/python3.10/site-packages/motor_serial
[3.582s] copying /mnt/c/Users/kaush/Desktop/ros/build/motor_serial/build/lib/motor_serial/__init__.py -> /mnt/c/Users/kaush/Desktop/ros/install/motor_serial/lib/python3.10/site-packages/motor_serial
[3.631s] byte-compiling /mnt/c/Users/kaush/Desktop/ros/install/motor_serial/lib/python3.10/site-packages/motor_serial/arrow_teleop.py to arrow_teleop.cpython-310.pyc
[3.674s] byte-compiling /mnt/c/Users/kaush/Desktop/ros/install/motor_serial/lib/python3.10/site-packages/motor_serial/motor_controller.py to motor_controller.cpython-310.pyc
[3.716s] byte-compiling /mnt/c/Users/kaush/Desktop/ros/install/motor_serial/lib/python3.10/site-packages/motor_serial/ps5_drive.py to ps5_drive.cpython-310.pyc
[3.766s] byte-compiling /mnt/c/Users/kaush/Desktop/ros/install/motor_serial/lib/python3.10/site-packages/motor_serial/serial_bridge.py to serial_bridge.cpython-310.pyc
[3.814s] byte-compiling /mnt/c/Users/kaush/Desktop/ros/install/motor_serial/lib/python3.10/site-packages/motor_serial/twist_to_motor.py to twist_to_motor.cpython-310.pyc
[3.864s] byte-compiling /mnt/c/Users/kaush/Desktop/ros/install/motor_serial/lib/python3.10/site-packages/motor_serial/__init__.py to __init__.cpython-310.pyc
[3.906s] running install_data
[3.915s] creating /mnt/c/Users/kaush/Desktop/ros/install/motor_serial/share/ament_index
[3.918s] creating /mnt/c/Users/kaush/Desktop/ros/install/motor_serial/share/ament_index/resource_index
[3.921s] creating /mnt/c/Users/kaush/Desktop/ros/install/motor_serial/share/ament_index/resource_index/packages
[3.934s] copying resource/motor_serial -> /mnt/c/Users/kaush/Desktop/ros/install/motor_serial/share/ament_index/resource_index/packages
[3.964s] copying package.xml -> /mnt/c/Users/kaush/Desktop/ros/install/motor_serial/share/motor_serial
[3.985s] creating /mnt/c/Users/kaush/Desktop/ros/install/motor_serial/share/motor_serial/launch
[3.998s] copying launch/bringup.launch.py -> /mnt/c/Users/kaush/Desktop/ros/install/motor_serial/share/motor_serial/launch
[4.041s] copying launch/ps5_drive.launch.py -> /mnt/c/Users/kaush/Desktop/ros/install/motor_serial/share/motor_serial/launch
[4.076s] running install_egg_info
[4.096s] Copying ../../build/motor_serial/motor_serial.egg-info to /mnt/c/Users/kaush/Desktop/ros/install/motor_serial/lib/python3.10/site-packages/motor_serial-0.0.0-py3.10.egg-info
[4.389s] running install_scripts
[4.461s] Installing arrow_teleop script to /mnt/c/Users/kaush/Desktop/ros/install/motor_serial/lib/motor_serial
[4.473s] Installing motor_controller script to /mnt/c/Users/kaush/Desktop/ros/install/motor_serial/lib/motor_serial
[4.488s] Installing ps5_drive script to /mnt/c/Users/kaush/Desktop/ros/install/motor_serial/lib/motor_serial
[4.503s] Installing serial_bridge script to /mnt/c/Users/kaush/Desktop/ros/install/motor_serial/lib/motor_serial
[4.518s] Installing twist_to_motor script to /mnt/c/Users/kaush/Desktop/ros/install/motor_serial/lib/motor_serial
[4.534s] writing list of installed files to '/mnt/c/Users/kaush/Desktop/ros/build/motor_serial/install.log'
[4.560s] Invoked command in '/mnt/c/Users/kaush/Desktop/ros/src/motor_serial' returned '0': PYTHONPATH=/mnt/c/Users/kaush/Desktop/ros/build/motor_serial/prefix_override:/usr/lib/python3/dist-packages/colcon_core/task/python/colcon_distutils_commands:/mnt/c/Users/kaush/Desktop/ros/install/motor_serial/lib/python3.10/site-packages:${PYTHONPATH} /usr/bin/python3 -W ignore:setup.py install is deprecated -W ignore:easy_install command is deprecated setup.py egg_info --egg-base ../../build/motor_serial build --build-base /mnt/c/Users/kaush/Desktop/ros/build/motor_serial/build install --record /mnt/c/Users/kaush/Desktop/ros/build/motor_serial/install.log --single-version-externally-managed install_data
